Installing, this may take a few minutes...
Please create a default UNIX user account. The username does not need to match your Windows username.
For more information visit: https://aka.ms/wslusers
Enter new UNIX username: mark
New password:
Retype new password:
passwd: password updated successfully
Installation successful!
To run a command as administrator (user "root"), use "sudo <command>".
See "man sudo_root" for details.

Welcome to Ubuntu 20.04.1 LTS (GNU/Linux 4.4.0-17763-Microsoft x86_64)

 * Documentation:  https://help.ubuntu.com
 * Management:     https://landscape.canonical.com
 * Support:        https://ubuntu.com/advantage

  System information as of Sat Nov 21 18:43:01 STD 2020

  System load:    0.52      Users logged in:        0
  Usage of /home: unknown   IPv4 address for eth3:  172.17.231.33
  Memory usage:   82%       IPv4 address for wifi0: 192.168.0.70
  Swap usage:     2%        IPv6 address for wifi0: fd01::1413:3c5:d0f5:8045
  Processes:      7         IPv6 address for wifi0: fd01::54a:fad8:da2d:ae6f

1 update can be installed immediately.
0 of these updates are security updates.
To see these additional updates run: apt list --upgradable

The list of available updates is more than a week old.
To check for new updates run: sudo apt update

This message is shown once once a day. To disable it please create the
/home/mark/.hushlogin file.

mark@n-VoitovMR:~$ sudo apt-get update
[sudo] password for mark:
Hit:1 http://archive.ubuntu.com/ubuntu focal InRelease
Get:2 http://security.ubuntu.com/ubuntu focal-security InRelease [107 kB]
Get:3 http://archive.ubuntu.com/ubuntu focal-updates InRelease [111 kB]
Get:4 http://archive.ubuntu.com/ubuntu focal-backports InRelease [98.3 kB]
Get:5 http://archive.ubuntu.com/ubuntu focal/universe amd64 Packages [8628 kB]
Get:6 http://archive.ubuntu.com/ubuntu focal/universe Translation-en [5124 kB]
Get:7 http://archive.ubuntu.com/ubuntu focal/universe amd64 c-n-f Metadata [265 kB]
Get:8 http://archive.ubuntu.com/ubuntu focal/multiverse amd64 Packages [144 kB]
Get:9 http://archive.ubuntu.com/ubuntu focal/multiverse Translation-en [104 kB]
Get:10 http://security.ubuntu.com/ubuntu focal-security/main amd64 Packages [372 kB]
Get:11 http://archive.ubuntu.com/ubuntu focal/multiverse amd64 c-n-f Metadata [9136 B]
Get:12 http://security.ubuntu.com/ubuntu focal-security/main Translation-en [85.1 kB]
Get:13 http://security.ubuntu.com/ubuntu focal-security/main amd64 c-n-f Metadata [5428 B]
Get:14 http://security.ubuntu.com/ubuntu focal-security/restricted amd64 Packages [69.9 kB]
Get:15 http://security.ubuntu.com/ubuntu focal-security/restricted Translation-en [11.4 kB]
Get:16 http://security.ubuntu.com/ubuntu focal-security/universe amd64 Packages [519 kB]
Get:17 http://security.ubuntu.com/ubuntu focal-security/universe Translation-en [68.0 kB]
Get:18 http://security.ubuntu.com/ubuntu focal-security/universe amd64 c-n-f Metadata [9364 B]
Get:19 http://security.ubuntu.com/ubuntu focal-security/multiverse amd64 Packages [1256 B]
Get:20 http://security.ubuntu.com/ubuntu focal-security/multiverse Translation-en [540 B]
Get:21 http://security.ubuntu.com/ubuntu focal-security/multiverse amd64 c-n-f Metadata [116 B]
Get:22 http://archive.ubuntu.com/ubuntu focal-updates/main amd64 Packages [670 kB]
Get:23 http://archive.ubuntu.com/ubuntu focal-updates/main Translation-en [167 kB]
Get:24 http://archive.ubuntu.com/ubuntu focal-updates/main amd64 c-n-f Metadata [11.1 kB]
Get:25 http://archive.ubuntu.com/ubuntu focal-updates/restricted amd64 Packages [95.6 kB]
Get:26 http://archive.ubuntu.com/ubuntu focal-updates/restricted Translation-en [14.8 kB]
Get:27 http://archive.ubuntu.com/ubuntu focal-updates/restricted amd64 c-n-f Metadata [348 B]
Get:28 http://archive.ubuntu.com/ubuntu focal-updates/universe amd64 Packages [695 kB]
Get:29 http://archive.ubuntu.com/ubuntu focal-updates/universe Translation-en [135 kB]
Get:30 http://archive.ubuntu.com/ubuntu focal-updates/universe amd64 c-n-f Metadata [13.2 kB]
Get:31 http://archive.ubuntu.com/ubuntu focal-updates/multiverse amd64 Packages [19.9 kB]
Get:32 http://archive.ubuntu.com/ubuntu focal-updates/multiverse Translation-en [4668 B]
Get:33 http://archive.ubuntu.com/ubuntu focal-updates/multiverse amd64 c-n-f Metadata [552 B]
Get:34 http://archive.ubuntu.com/ubuntu focal-backports/main amd64 c-n-f Metadata [112 B]
Get:35 http://archive.ubuntu.com/ubuntu focal-backports/restricted amd64 c-n-f Metadata [116 B]
Get:36 http://archive.ubuntu.com/ubuntu focal-backports/universe amd64 Packages [4012 B]
Get:37 http://archive.ubuntu.com/ubuntu focal-backports/universe Translation-en [1448 B]
Get:38 http://archive.ubuntu.com/ubuntu focal-backports/universe amd64 c-n-f Metadata [224 B]
Get:39 http://archive.ubuntu.com/ubuntu focal-backports/multiverse amd64 c-n-f Metadata [116 B]
Fetched 17.6 MB in 8s (2202 kB/s)
Reading package lists... Done

mark@n-VoitovMR:~$ sudo apt-get install apt-transport-https ca-certificates curl gnupg-agent software-properties-common
Reading package lists... Done
Building dependency tree
Reading state information... Done
The following additional packages will be installed:
  libcurl4 python3-software-properties
The following NEW packages will be installed:
  apt-transport-https gnupg-agent
The following packages will be upgraded:
  ca-certificates curl libcurl4 python3-software-properties software-properties-common
5 upgraded, 2 newly installed, 0 to remove and 128 not upgraded.
Need to get 590 kB of archives.
After this operation, 222 kB of additional disk space will be used.
Do you want to continue? [Y/n] Y
Get:1 http://archive.ubuntu.com/ubuntu focal-updates/main amd64 ca-certificates all 20201027ubuntu0.20.04.1 [153 kB]
Get:2 http://archive.ubuntu.com/ubuntu focal-updates/universe amd64 apt-transport-https all 2.0.2ubuntu0.1 [1708 B]
Get:3 http://archive.ubuntu.com/ubuntu focal-updates/main amd64 curl amd64 7.68.0-1ubuntu2.2 [161 kB]
Get:4 http://archive.ubuntu.com/ubuntu focal-updates/main amd64 libcurl4 amd64 7.68.0-1ubuntu2.2 [233 kB]
Get:5 http://archive.ubuntu.com/ubuntu focal/universe amd64 gnupg-agent all 2.2.19-3ubuntu2 [5236 B]
Get:6 http://archive.ubuntu.com/ubuntu focal-updates/main amd64 software-properties-common all 0.98.9.3 [10.6 kB]
Get:7 http://archive.ubuntu.com/ubuntu focal-updates/main amd64 python3-software-properties all 0.98.9.3 [25.3 kB]
Fetched 590 kB in 2s (331 kB/s)
Preconfiguring packages ...
(Reading database ... 31857 files and directories currently installed.)
Preparing to unpack .../0-ca-certificates_20201027ubuntu0.20.04.1_all.deb ...
Unpacking ca-certificates (20201027ubuntu0.20.04.1) over (20190110ubuntu1.1) ...
Selecting previously unselected package apt-transport-https.
Preparing to unpack .../1-apt-transport-https_2.0.2ubuntu0.1_all.deb ...
Unpacking apt-transport-https (2.0.2ubuntu0.1) ...
Preparing to unpack .../2-curl_7.68.0-1ubuntu2.2_amd64.deb ...
Unpacking curl (7.68.0-1ubuntu2.2) over (7.68.0-1ubuntu2.1) ...
Preparing to unpack .../3-libcurl4_7.68.0-1ubuntu2.2_amd64.deb ...
Unpacking libcurl4:amd64 (7.68.0-1ubuntu2.2) over (7.68.0-1ubuntu2.1) ...
Selecting previously unselected package gnupg-agent.
Preparing to unpack .../4-gnupg-agent_2.2.19-3ubuntu2_all.deb ...
Unpacking gnupg-agent (2.2.19-3ubuntu2) ...
Preparing to unpack .../5-software-properties-common_0.98.9.3_all.deb ...
Unpacking software-properties-common (0.98.9.3) over (0.98.9.1) ...
Preparing to unpack .../6-python3-software-properties_0.98.9.3_all.deb ...
Unpacking python3-software-properties (0.98.9.3) over (0.98.9.1) ...
Setting up apt-transport-https (2.0.2ubuntu0.1) ...
Setting up ca-certificates (20201027ubuntu0.20.04.1) ...
Updating certificates in /etc/ssl/certs...
20 added, 9 removed; done.
Setting up python3-software-properties (0.98.9.3) ...
Setting up gnupg-agent (2.2.19-3ubuntu2) ...
Setting up libcurl4:amd64 (7.68.0-1ubuntu2.2) ...
Setting up curl (7.68.0-1ubuntu2.2) ...
Setting up software-properties-common (0.98.9.3) ...
Processing triggers for libc-bin (2.31-0ubuntu9) ...
Processing triggers for man-db (2.9.1-1) ...
Processing triggers for dbus (1.12.16-2ubuntu2.1) ...
Processing triggers for ca-certificates (20201027ubuntu0.20.04.1) ...
Updating certificates in /etc/ssl/certs...
0 added, 0 removed; done.
Running hooks in /etc/ca-certificates/update.d...
done.

mark@n-VoitovMR:~$ curl -fsSL https://download.docker.com/linux/ubuntu/gpg | sudo apt-key add -
OK

mark@n-VoitovMR:~$ sudo apt-key fingerprint 0EBFCD88
pub   rsa4096 2017-02-22 [SCEA]
      9DC8 5822 9FC7 DD38 854A  E2D8 8D81 803C 0EBF CD88
uid           [ unknown] Docker Release (CE deb) <docker@docker.com>
sub   rsa4096 2017-02-22 [S]

mark@n-VoitovMR:~$ sudo add-apt-repository "deb [arch=amd64] https://download.docker.com/linux/ubuntu \
> $(lsb_release -cs) stable"
Hit:1 http://archive.ubuntu.com/ubuntu focal InRelease
Hit:2 http://archive.ubuntu.com/ubuntu focal-updates InRelease
Hit:3 http://archive.ubuntu.com/ubuntu focal-backports InRelease
Hit:4 http://security.ubuntu.com/ubuntu focal-security InRelease
Get:5 https://download.docker.com/linux/ubuntu focal InRelease [36.2 kB]
Get:6 https://download.docker.com/linux/ubuntu focal/stable amd64 Packages [3684 B]
Fetched 39.8 kB in 11s (3560 B/s)
Reading package lists... Done

mark@n-VoitovMR:~$ sudo apt-get update
Hit:1 http://security.ubuntu.com/ubuntu focal-security InRelease
Hit:2 http://archive.ubuntu.com/ubuntu focal InRelease
Hit:3 http://archive.ubuntu.com/ubuntu focal-updates InRelease
Hit:4 https://download.docker.com/linux/ubuntu focal InRelease
Hit:5 http://archive.ubuntu.com/ubuntu focal-backports InRelease
Reading package lists... Done

mark@n-VoitovMR:~$ sudo apt-get install docker-ce docker-ce-cli containerd.io
Reading package lists... Done
Building dependency tree
Reading state information... Done
The following additional packages will be installed:
  aufs-tools cgroupfs-mount grub-common grub-gfxpayload-lists grub-pc grub-pc-bin grub2-common linux-image-unsigned-5.8.0-29-lowlatency linux-modules-5.8.0-29-lowlatency
  os-prober pigz
Suggested packages:
  multiboot-doc grub-emu xorriso desktop-base fdutils linux-doc | linux-hwe-5.8-source-5.8.0 linux-hwe-5.8-tools linux-headers-5.8.0-29-lowlatency
The following NEW packages will be installed:
  aufs-tools cgroupfs-mount containerd.io docker-ce docker-ce-cli grub-common grub-gfxpayload-lists grub-pc grub-pc-bin grub2-common
  linux-image-unsigned-5.8.0-29-lowlatency linux-modules-5.8.0-29-lowlatency os-prober pigz
0 upgraded, 14 newly installed, 0 to remove and 128 not upgraded.
Need to get 159 MB of archives.
After this operation, 713 MB of additional disk space will be used.
Do you want to continue? [Y/n] Y
Get:1 https://download.docker.com/linux/ubuntu focal/stable amd64 containerd.io amd64 1.3.7-1 [24.3 MB]
Get:2 http://archive.ubuntu.com/ubuntu focal/universe amd64 pigz amd64 2.4-1 [57.4 kB]
Get:3 http://archive.ubuntu.com/ubuntu focal/universe amd64 aufs-tools amd64 1:4.14+20190211-1ubuntu1 [104 kB]
Get:4 http://archive.ubuntu.com/ubuntu focal/universe amd64 cgroupfs-mount all 1.4 [6320 B]
Get:5 http://archive.ubuntu.com/ubuntu focal-updates/main amd64 grub-common amd64 2.04-1ubuntu26.6 [1873 kB]
Get:6 https://download.docker.com/linux/ubuntu focal/stable amd64 docker-ce-cli amd64 5:19.03.13~3-0~ubuntu-focal [44.2 MB]
Get:7 https://download.docker.com/linux/ubuntu focal/stable amd64 docker-ce amd64 5:19.03.13~3-0~ubuntu-focal [22.6 MB]
Get:8 http://archive.ubuntu.com/ubuntu focal-updates/main amd64 grub2-common amd64 2.04-1ubuntu26.6 [590 kB]
Get:9 http://archive.ubuntu.com/ubuntu focal-updates/main amd64 grub-pc-bin amd64 2.04-1ubuntu26.6 [971 kB]
Get:10 http://archive.ubuntu.com/ubuntu focal-updates/main amd64 grub-pc amd64 2.04-1ubuntu26.6 [125 kB]
Get:11 http://archive.ubuntu.com/ubuntu focal/main amd64 grub-gfxpayload-lists amd64 0.7 [3658 B]
Get:12 http://archive.ubuntu.com/ubuntu focal-updates/main amd64 linux-modules-5.8.0-29-lowlatency amd64 5.8.0-29.31~20.04.1 [55.0 MB]
Get:13 http://archive.ubuntu.com/ubuntu focal-updates/main amd64 linux-image-unsigned-5.8.0-29-lowlatency amd64 5.8.0-29.31~20.04.1 [9573 kB]
Get:14 http://archive.ubuntu.com/ubuntu focal/main amd64 os-prober amd64 1.74ubuntu2 [20.1 kB]
Fetched 159 MB in 1min 18s (2034 kB/s)
Preconfiguring packages ...
Selecting previously unselected package pigz.
(Reading database ... 31876 files and directories currently installed.)
Preparing to unpack .../00-pigz_2.4-1_amd64.deb ...
Unpacking pigz (2.4-1) ...
Selecting previously unselected package aufs-tools.
Preparing to unpack .../01-aufs-tools_1%3a4.14+20190211-1ubuntu1_amd64.deb ...
Unpacking aufs-tools (1:4.14+20190211-1ubuntu1) ...
Selecting previously unselected package cgroupfs-mount.
Preparing to unpack .../02-cgroupfs-mount_1.4_all.deb ...
Unpacking cgroupfs-mount (1.4) ...
Selecting previously unselected package containerd.io.
Preparing to unpack .../03-containerd.io_1.3.7-1_amd64.deb ...
Unpacking containerd.io (1.3.7-1) ...
Selecting previously unselected package docker-ce-cli.
Preparing to unpack .../04-docker-ce-cli_5%3a19.03.13~3-0~ubuntu-focal_amd64.deb ...
Unpacking docker-ce-cli (5:19.03.13~3-0~ubuntu-focal) ...
Selecting previously unselected package docker-ce.
Preparing to unpack .../05-docker-ce_5%3a19.03.13~3-0~ubuntu-focal_amd64.deb ...
Unpacking docker-ce (5:19.03.13~3-0~ubuntu-focal) ...
Selecting previously unselected package grub-common.
Preparing to unpack .../06-grub-common_2.04-1ubuntu26.6_amd64.deb ...
Unpacking grub-common (2.04-1ubuntu26.6) ...
Selecting previously unselected package grub2-common.
Preparing to unpack .../07-grub2-common_2.04-1ubuntu26.6_amd64.deb ...
Unpacking grub2-common (2.04-1ubuntu26.6) ...
Selecting previously unselected package grub-pc-bin.
Preparing to unpack .../08-grub-pc-bin_2.04-1ubuntu26.6_amd64.deb ...
Unpacking grub-pc-bin (2.04-1ubuntu26.6) ...
Selecting previously unselected package grub-pc.
Preparing to unpack .../09-grub-pc_2.04-1ubuntu26.6_amd64.deb ...
Unpacking grub-pc (2.04-1ubuntu26.6) ...
Selecting previously unselected package grub-gfxpayload-lists.
Preparing to unpack .../10-grub-gfxpayload-lists_0.7_amd64.deb ...
Unpacking grub-gfxpayload-lists (0.7) ...
Selecting previously unselected package linux-modules-5.8.0-29-lowlatency.
Preparing to unpack .../11-linux-modules-5.8.0-29-lowlatency_5.8.0-29.31~20.04.1_amd64.deb ...
Unpacking linux-modules-5.8.0-29-lowlatency (5.8.0-29.31~20.04.1) ...
Selecting previously unselected package linux-image-unsigned-5.8.0-29-lowlatency.
Preparing to unpack .../12-linux-image-unsigned-5.8.0-29-lowlatency_5.8.0-29.31~20.04.1_amd64.deb ...
Unpacking linux-image-unsigned-5.8.0-29-lowlatency (5.8.0-29.31~20.04.1) ...
Selecting previously unselected package os-prober.
Preparing to unpack .../13-os-prober_1.74ubuntu2_amd64.deb ...
Unpacking os-prober (1.74ubuntu2) ...
Setting up aufs-tools (1:4.14+20190211-1ubuntu1) ...
Setting up grub-common (2.04-1ubuntu26.6) ...
Created symlink /etc/systemd/system/multi-user.target.wants/grub-initrd-fallback.service → /lib/systemd/system/grub-initrd-fallback.service.
Created symlink /etc/systemd/system/rescue.target.wants/grub-initrd-fallback.service → /lib/systemd/system/grub-initrd-fallback.service.
Created symlink /etc/systemd/system/emergency.target.wants/grub-initrd-fallback.service → /lib/systemd/system/grub-initrd-fallback.service.
update-rc.d: warning: start and stop actions are no longer supported; falling back to defaults
invoke-rc.d: could not determine current runlevel
Setting up os-prober (1.74ubuntu2) ...
Setting up containerd.io (1.3.7-1) ...
Created symlink /etc/systemd/system/multi-user.target.wants/containerd.service → /lib/systemd/system/containerd.service.
Setting up linux-modules-5.8.0-29-lowlatency (5.8.0-29.31~20.04.1) ...
Setting up docker-ce-cli (5:19.03.13~3-0~ubuntu-focal) ...
Setting up pigz (2.4-1) ...
Setting up cgroupfs-mount (1.4) ...
invoke-rc.d: could not determine current runlevel
Setting up linux-image-unsigned-5.8.0-29-lowlatency (5.8.0-29.31~20.04.1) ...
I: /boot/vmlinuz.old is now a symlink to vmlinuz-5.8.0-29-lowlatency
I: /boot/initrd.img.old is now a symlink to initrd.img-5.8.0-29-lowlatency
I: /boot/vmlinuz is now a symlink to vmlinuz-5.8.0-29-lowlatency
I: /boot/initrd.img is now a symlink to initrd.img-5.8.0-29-lowlatency
Setting up grub2-common (2.04-1ubuntu26.6) ...
Setting up grub-pc-bin (2.04-1ubuntu26.6) ...
Setting up docker-ce (5:19.03.13~3-0~ubuntu-focal) ...
Created symlink /etc/systemd/system/multi-user.target.wants/docker.service → /lib/systemd/system/docker.service.
Created symlink /etc/systemd/system/sockets.target.wants/docker.socket → /lib/systemd/system/docker.socket.
invoke-rc.d: could not determine current runlevel
Setting up grub-pc (2.04-1ubuntu26.6) ...
Creating config file /etc/default/grub with new version
Setting up grub-gfxpayload-lists (0.7) ...
Processing triggers for install-info (6.7.0.dfsg.2-5) ...
Processing triggers for libc-bin (2.31-0ubuntu9) ...
Processing triggers for systemd (245.4-4ubuntu3.2) ...
Processing triggers for man-db (2.9.1-1) ...
Processing triggers for linux-image-unsigned-5.8.0-29-lowlatency (5.8.0-29.31~20.04.1) ...
/etc/kernel/postinst.d/initramfs-tools:
update-initramfs: Generating /boot/initrd.img-5.8.0-29-lowlatency
cryptsetup: ERROR: Couldn't resolve device rootfs
cryptsetup: WARNING: Couldn't determine root device
grep: /proc/swaps: No such file or directory
W: mkconf: MD subsystem is not loaded, thus I cannot scan for arrays.
W: mdadm: failed to auto-generate temporary mdadm.conf file.

mark@n-VoitovMR:~$ sudo docker run hello-world
[sudo] password for mark:
docker: Cannot connect to the Docker daemon at unix:///var/run/docker.sock. Is the docker daemon running?.
See 'docker run --help'.

mark@n-VoitovMR:~$
